IQ-TREE version 3.1.3 for Linux x86 64-bit built Jul 26 2026
Developed by Bui Quang Minh, Thomas Wong, Nhan Ly-Trong, Huaiyan Ren
Contributed by Lam-Tung Nguyen, Dominik Schrempf, Chris Bielow,
Olga Chernomor, Michael Woodhams, Diep Thi Hoang, Heiko Schmidt

Host:    maple (AVX512, FMA3, 187 GB RAM)
Command: iqtree -s Aligned_350_primary.fasta -st DNA -m MFP -bb 1000 -nt AUTO -seed 20260827 -pre tree_350_primary
Seed:    20260827 (Using SPRNG - Scalable Parallel Random Number Generator)
Time:    Sun Sep  6 13:59:36 2026
Kernel:  AVX+FMA - auto-detect threads (40 CPU cores detected)

Reading alignment file Aligned_350_primary.fasta ... Fasta format detected
Reading fasta file: done in 0.0292339 secs using 98.68% CPU
Alignment most likely contains DNA/RNA sequences
Constructing alignment: done in 0.019074 secs using 2182% CPU
Alignment has 350 sequences with 2293 columns, 1610 distinct patterns
768 parsimony-informative, 867 singleton sites, 658 constant sites
                      Gap/Ambiguity  Composition  p-value
Analyzing sequences: done in 0.000509024 secs using 2249% CPU
   1  AF104679.1             31.66%    passed     99.65%
   2  AF104678.1             31.66%    passed     99.65%
   3  NR_041722.2            32.40%    passed     99.22%
   4  OQ216617.1             32.27%    passed     98.46%
   5  JN713285.1             32.53%    passed     99.62%
   6  GU470894.1             33.23%    passed     99.50%
   7  AF145245.1             33.75%    passed     96.41%
   8  ON077342.1             33.36%    passed     99.97%
   9  AF145244.1             33.45%    passed     96.14%
  10  AF145239.1             33.58%    passed     99.80%
  11  MW595979.1             33.58%    passed     99.93%
  12  NZ_JAQMKN010000038.1   33.62%    failed      0.00%
  13  AY986764.1             33.71%    passed     98.62%
  14  AY691541.1             33.71%    passed     99.74%
  15  AY986765.1             33.71%    passed     99.81%
  16  MH628245.1             33.80%    passed     99.02%
  17  MH628233.1             33.84%    passed     98.89%
  18  KF933782.1             33.84%    passed     98.29%
  19  AY986763.1             33.84%    passed     99.90%
  20  AY691536.1             33.84%    passed     99.90%
  21  AY986762.1             33.84%    passed     99.90%
  22  AY986761.1             33.84%    passed     99.77%
  23  AY691535.1             33.89%    passed     99.63%
  24  AY691534.1             34.15%    passed     99.71%
  25  LC144558.1             35.06%    passed     98.26%
  26  KM225745.1             34.28%    passed     98.97%
  27  MW595978.1             34.37%    passed     96.95%
  28  MW543923.1             34.37%    passed     95.72%
  29  AF145242.1             34.41%    passed     98.30%
  30  LC545465.1             34.50%    passed     99.83%
  31  MW543926.1             34.50%    passed     99.41%
  32  AF145243.1             34.67%    passed     97.82%
  33  AF145246.1             34.98%    passed     98.36%
  34  OM265428.1             34.80%    passed     98.03%
  35  AF145240.1             34.93%    passed     98.24%
  36  AF145241.1             35.15%    passed     98.90%
  37  KF733693.1             35.15%    passed     99.76%
  38  KF733694.1             35.15%    passed     99.66%
  39  KF733689.1             35.15%    passed     98.20%
  40  KF733717.1             35.15%    passed     92.08%
  41  KF733702.1             35.15%    passed     99.62%
  42  KF733691.1             35.15%    passed     99.02%
  43  KF733700.1             35.15%    passed     99.70%
  44  LC140947.1             35.54%    passed     99.09%
  45  MW555226.1             35.50%    passed     99.64%
  46  MT242497.1             35.50%    passed     99.57%
  47  MW555231.1             35.54%    passed     99.88%
  48  MT459251.1             35.54%    passed     99.88%
  49  MT261804.1             35.54%    passed     99.83%
  50  MT242501.1             35.54%    passed     99.64%
  51  NR_118289.1            35.54%    passed     99.73%
  52  MT261807.1             35.54%    passed     99.58%
  53  MT280213.1             35.54%    passed     99.53%
  54  MT665031.1             35.54%    passed     99.79%
  55  MT658564.1             35.54%    passed     99.79%
  56  KJ728813.1             35.54%    passed     96.83%
  57  MT500684.1             35.54%    passed     99.79%
  58  MT498552.1             35.54%    passed     99.53%
  59  MT482705.1             35.54%    passed     99.68%
  60  MT477776.1             35.54%    passed     99.79%
  61  MT459269.1             35.54%    passed     99.79%
  62  MT459252.1             35.54%    passed     99.84%
  63  JN578465.1             35.54%    passed     99.73%
  64  MW404518.1             35.54%    passed     99.58%
  65  MT256261.1             35.54%    passed     99.79%
  66  MW658778.1             35.54%    passed     99.79%
  67  MT436816.1             35.59%    passed     99.80%
  68  MT320108.1             35.54%    passed     99.79%
  69  MT280310.1             35.54%    passed     99.74%
  70  MW404394.1             35.54%    passed     99.73%
  71  MT299717.1             35.54%    passed     99.73%
  72  MT299682.1             35.54%    passed     99.58%
  73  MT436826.1             35.54%    passed     99.91%
  74  MT295467.1             35.54%    passed     99.79%
  75  MW404519.1             35.54%    passed     99.58%
  76  MW407045.1             35.54%    passed     99.73%
  77  MW412584.1             35.54%    passed     99.74%
  78  MW541857.1             35.54%    passed     99.58%
  79  MT261781.1             35.59%    passed     97.69%
  80  MT436823.1             35.59%    passed     99.88%
  81  MT280220.1             35.59%    passed     99.48%
  82  NR_117426.1            35.59%    passed     95.12%
  83  DQ232517.1             35.59%    passed     97.76%
  84  MW404398.1             35.59%    passed     99.47%
  85  MW404400.1             35.63%    passed     99.86%
  86  GU045404.1             35.59%    passed     95.12%
  87  DQ232519.1             35.59%    passed     99.60%
  88  DQ232518.1             35.59%    passed     95.12%
  89  AY309096.1             35.89%    passed     99.75%
  90  MT597726.1             35.98%    passed     97.81%
  91  MT597725.1             35.98%    passed     97.81%
  92  MT597583.1             36.11%    passed     99.88%
  93  MT459365.1             36.15%    passed     97.15%
  94  MT545124.1             36.15%    passed     95.99%
  95  MT597584.1             36.20%    passed     98.75%
  96  MT597634.1             36.20%    passed     98.59%
  97  MT573751.1             36.24%    passed     97.17%
  98  MT512079.1             36.33%    passed     99.44%
  99  MT512098.1             36.33%    passed     98.75%
 100  MT573862.1             36.33%    passed     98.55%
 101  MT459364.1             36.37%    passed     99.38%
 102  MT597616.1             36.42%    passed     97.91%
 103  KM052286.1             36.59%    passed     96.40%
 104  MT597613.1             36.81%    passed     99.46%
 105  LC258132.1             36.81%    passed     99.79%
 106  MT573752.1             37.03%    passed     99.11%
 107  MT597617.1             37.03%    passed     99.83%
 108  MT597524.1             37.11%    passed     99.64%
 109  KJ803946.1             37.11%    passed     99.69%
 110  GU561378.1             37.16%    passed     99.95%
 111  GU561377.1             37.29%    passed     99.95%
 112  AY691537.1             37.33%    passed     98.27%
 113  GU907516.1             37.29%    passed     98.23%
 114  PQ222928.1             37.59%    passed     91.42%
 115  MT807632.1             37.59%    passed     97.33%
 116  JX678670.1             37.59%    passed     98.38%
 117  MH127521.1             37.59%    passed     99.80%
 118  OR501223.1             37.64%    passed     99.40%
 119  MH127522.1             37.64%    passed     99.93%
 120  PQ222916.1             37.68%    passed     99.91%
 121  PQ222941.1             37.68%    passed     99.91%
 122  PQ222932.1             37.72%    passed     99.85%
 123  PQ222938.1             37.81%    passed     99.71%
 124  KC569574.1             38.03%    passed     97.89%
 125  KC569575.1             37.81%    passed     99.51%
 126  KC569586.1             37.81%    passed     99.73%
 127  KC569576.1             37.81%    passed     96.39%
 128  KC569577.1             37.81%    passed     99.74%
 129  KC569591.1             37.81%    passed     90.15%
 130  KC569592.1             37.81%    passed     99.28%
 131  KC569593.1             37.81%    passed     99.29%
 132  KC569594.1             37.81%    passed     90.43%
 133  KC569589.1             37.81%    passed     99.06%
 134  KC569588.1             37.81%    passed     99.55%
 135  KC569587.1             37.81%    passed     94.44%
 136  KC569585.1             37.81%    passed     99.46%
 137  KC569584.1             37.81%    passed     91.75%
 138  KC569583.1             37.81%    passed     99.53%
 139  KC569582.1             37.81%    passed     96.39%
 140  KC569581.1             37.81%    passed     95.97%
 141  KC569580.1             37.81%    passed     99.53%
 142  KC569579.1             37.81%    passed     96.25%
 143  KC569578.1             37.81%    passed     99.53%
 144  MH817386.1             37.85%    passed     98.37%
 145  PQ222501.1             37.85%    passed     99.77%
 146  MW090399.1             37.94%    passed     99.84%
 147  JX678675.1             37.99%    passed     99.89%
 148  MT903068.1             37.99%    passed     99.93%
 149  OQ947771.1             38.03%    passed     98.29%
 150  MT807855.1             38.03%    passed     94.72%
 151  MT585451.1             38.07%    passed     97.34%
 152  MT807631.1             38.07%    passed     98.48%
 153  MT807630.1             38.12%    passed     89.26%
 154  KC569590.1             38.12%    passed     99.42%
 155  MH817392.1             38.16%    passed     94.95%
 156  MF578814.1             38.25%    passed     99.82%
 157  JX678671.1             38.20%    passed     99.98%
 158  OR501332.1             38.38%    passed     99.95%
 159  MK270132.2             38.42%    passed     99.60%
 160  MT807742.1             38.42%    passed     99.90%
 161  MF578782.1             38.42%    passed     99.60%
 162  OR501306.1             38.46%    passed     98.03%
 163  OR501317.1             38.46%    passed     98.17%
 164  OR501304.1             38.46%    passed     99.29%
 165  OR501281.1             38.46%    passed     99.92%
 166  OR501251.1             38.46%    passed     99.71%
 167  OR501282.1             38.46%    passed     99.71%
 168  OR501239.1             38.46%    passed     99.06%
 169  OR501238.1             38.46%    passed     99.88%
 170  OR501229.1             38.46%    passed     99.71%
 171  OR501225.1             38.46%    passed     99.42%
 172  OR501259.1             38.46%    passed     99.88%
 173  MT807854.1             38.46%    passed     93.62%
 174  OR501283.1             38.46%    passed     99.88%
 175  OR501255.1             38.46%    passed     99.29%
 176  OR501249.1             38.46%    passed     99.32%
 177  OR501257.1             38.46%    passed     99.88%
 178  MF578815.1             38.55%    passed     99.90%
 179  MT807694.1             38.51%    passed     99.86%
 180  MH930443.1             38.51%    passed     99.75%
 181  MF538609.1             38.68%    passed     99.28%
 182  MT807874.1             38.60%    passed     99.78%
 183  MT807695.1             38.64%    passed     99.86%
 184  MF538610.1             38.73%    passed     99.21%
 185  MT807875.1             38.68%    passed     99.98%
 186  PV270569.1             38.73%    passed     99.77%
 187  JN787196.1             38.77%    passed     99.85%
 188  JN787200.1             38.77%    passed     99.76%
 189  JN787199.1             38.77%    passed     99.93%
 190  JN787198.1             38.77%    passed     99.93%
 191  JN787197.1             38.77%    passed     99.93%
 192  JN787194.1             38.77%    passed     99.93%
 193  JN787195.1             38.77%    passed     99.76%
 194  JN787188.1             38.77%    passed     99.93%
 195  JN787193.1             38.77%    passed     99.93%
 196  JN787192.1             38.77%    passed     99.93%
 197  JN787191.1             38.77%    passed     99.93%
 198  JN787190.1             38.77%    passed     99.93%
 199  JN787189.1             38.77%    passed     99.93%
 200  JN787184.1             38.77%    passed     99.55%
 201  NR_118320.1            38.77%    passed     99.93%
 202  JN787186.1             38.77%    passed     99.76%
 203  JN787187.1             38.77%    passed     99.76%
 204  JN787185.1             38.77%    passed     99.55%
 205  JN787183.1             38.77%    passed     99.93%
 206  JN787202.1             38.77%    passed     99.93%
 207  JN787182.1             38.77%    passed     99.09%
 208  JX993433.1             38.77%    passed     99.80%
 209  JX993434.1             38.77%    passed     99.80%
 210  JX993435.1             38.77%    passed     99.93%
 211  JX993436.1             38.77%    passed     99.76%
 212  JX993438.1             38.77%    passed     99.55%
 213  JX993448.1             38.81%    passed     99.96%
 214  KC628749.1             38.77%    passed     99.10%
 215  JN787164.1             38.77%    passed     99.93%
 216  JN787165.1             38.77%    passed     99.99%
 217  JN787166.1             38.77%    passed     99.99%
 218  JN787167.1             38.77%    passed     99.99%
 219  JN787168.1             38.77%    passed     99.66%
 220  JN787169.1             38.81%    passed     99.89%
 221  JN787170.1             38.77%    passed     99.95%
 222  JN787171.1             38.77%    passed     99.93%
 223  JN787172.1             38.77%    passed     99.93%
 224  JN787173.1             38.77%    passed     99.93%
 225  JN787174.1             38.77%    passed     99.93%
 226  JN787175.1             38.77%    passed     99.93%
 227  JN787176.1             38.77%    passed     99.93%
 228  JN787177.1             38.77%    passed     99.93%
 229  JN787178.1             38.77%    passed     99.93%
 230  JN787179.1             38.77%    passed     99.93%
 231  JN787180.1             38.77%    passed     99.55%
 232  JN787181.1             38.77%    passed     99.51%
 233  JN787201.1             38.77%    passed     99.93%
 234  JN787210.1             38.77%    passed     99.76%
 235  JN787203.1             38.77%    passed     99.93%
 236  JN787204.1             38.77%    passed     99.93%
 237  JN787220.1             38.77%    passed     99.93%
 238  JN787219.1             38.77%    passed     99.76%
 239  JN787218.1             38.77%    passed     99.76%
 240  JN787217.1             38.77%    passed     99.76%
 241  JN787216.1             38.77%    passed     99.76%
 242  JN787215.1             38.77%    passed     99.76%
 243  JN787214.1             38.77%    passed     99.93%
 244  JN787213.1             38.77%    passed     99.93%
 245  JN787212.1             38.77%    passed     99.76%
 246  JN787211.1             38.77%    passed     99.76%
 247  JN787209.1             38.77%    passed     99.93%
 248  JN787208.1             38.77%    passed     99.93%
 249  JN787207.1             38.77%    passed     99.76%
 250  JN787206.1             38.77%    passed     99.76%
 251  JN787205.1             38.77%    passed     99.66%
 252  MT585448.1             38.81%    passed     99.49%
 253  MT807654.1             38.94%    passed     99.45%
 254  QSDO01000081.1         38.81%    failed      1.00%
 255  MF578816.1             38.81%    passed     99.98%
 256  KC628758.1             38.86%    passed     99.75%
 257  AB355613.1             38.99%    passed     99.17%
 258  AB355610.1             38.99%    passed     99.05%
 259  MT807741.1             38.99%    passed     99.96%
 260  AB355609.1             38.99%    passed     98.93%
 261  NR_112705.1            38.99%    passed     98.93%
 262  AB355614.1             38.99%    passed     98.77%
 263  AB355615.1             38.99%    passed     99.07%
 264  AB355612.1             38.99%    passed     98.78%
 265  MT807726.1             39.03%    passed     99.64%
 266  AB355611.1             39.08%    passed     96.28%
 267  MT585452.1             39.12%    passed     99.87%
 268  MT807472.1             39.29%    passed     99.84%
 269  MT807725.1             39.38%    passed     99.68%
 270  MT807646.1             39.42%    passed     95.76%
 271  MT807578.1             39.47%    passed     99.80%
 272  MH817660.1             39.47%    passed     90.38%
 273  MH817391.1             39.47%    passed     87.78%
 274  MT807287.1             39.56%    passed     91.00%
 275  MT807824.1             39.73%    passed     97.75%
 276  MT807830.1             39.73%    passed     99.94%
 277  MT807409.1             39.77%    passed     92.86%
 278  MT807562.1             39.82%    passed     93.24%
 279  MT807823.1             39.82%    passed     97.55%
 280  MH817390.1             39.82%    passed     95.54%
 281  MT807829.1             39.86%    passed     99.86%
 282  MT807825.1             39.90%    passed     96.12%
 283  MT807380.1             40.03%    passed     99.83%
 284  MH997762.1             40.12%    passed     88.61%
 285  MT807442.1             40.17%    passed     99.96%
 286  MT807410.1             40.21%    passed     95.28%
 287  MT807827.1             40.25%    passed     99.70%
 288  MT807495.1             40.25%    passed     99.52%
 289  MT807563.1             40.47%    passed     97.62%
 290  MT807381.1             40.51%    passed     99.86%
 291  MH817378.1             40.51%    passed     94.41%
 292  AB006119.1             40.56%    passed     98.88%
 293  MT807467.1             40.60%    passed     98.75%
 294  MT807231.1             40.73%    passed     99.49%
 295  MT807232.1             40.73%    passed     99.69%
 296  MH997758.1             40.82%    passed     80.57%
 297  AB006120.1             40.91%    passed     90.08%
 298  MT807213.1             41.17%    passed     99.96%
 299  MH817662.1             41.60%    passed     75.58%
 300  MK131295.1             41.60%    passed     79.31%
 301  X58309.1               42.83%    passed     99.69%
 302  NR_118937.1            42.83%    passed     99.69%
 303  ON055608.1             41.87%    passed     99.97%
 304  MT807441.1             42.56%    passed    100.00%
 305  MH813973.1             42.70%    passed     95.28%
 306  MG675045.1             43.48%    passed     98.76%
 307  PP825757.1             43.65%    passed     94.33%
 308  MT535860.1             43.83%    passed     94.01%
 309  MT535861.1             43.83%    passed     98.20%
 310  MK330515.1             43.83%    passed     94.31%
 311  PP825763.1             43.83%    passed     98.06%
 312  VYVX01000034.1         44.31%    failed      0.00%
 313  OR976019.1             44.53%    passed     95.11%
 314  OR976018.1             44.61%    passed     96.91%
 315  OR976017.1             45.05%    passed     91.10%
 316  KX661058.1             45.31%    passed     89.39%
 317  ON810613.1             45.31%    passed     83.72%
 318  KX661046.1             45.44%    passed     94.77%
 319  KX661070.1             45.44%    passed     88.45%
 320  KX661074.1             45.44%    passed     88.59%
 321  KX661071.1             45.44%    passed     88.59%
 322  KX661072.1             45.44%    passed     90.55%
 323  KX661073.1             45.44%    passed     94.77%
 324  KX661067.1             45.44%    passed     95.71%
 325  KX661075.1             45.44%    passed     94.77%
 326  KX661089.1             45.44%    passed     90.55%
 327  KX661113.1             45.44%    passed     96.15%
 328  KX661068.1             45.44%    passed     94.77%
 329  KX661065.1             45.44%    passed     91.01%
 330  KX661047.1             45.44%    passed     96.15%
 331  KX661054.1             45.44%    passed     94.77%
 332  KX661048.1             45.44%    passed     94.77%
 333  KX661044.1             45.44%    passed     94.92%
 334  KX661049.1             45.44%    passed     96.49%
 335  KX661050.1             45.44%    passed     93.52%
 336  KX661051.1             45.44%    passed     90.87%
 337  KX661043.1             45.44%    passed     88.45%
 338  KX661052.1             45.44%    passed     99.22%
 339  KX661055.1             45.44%    passed     94.77%
 340  KX661056.1             45.44%    passed     88.59%
 341  KX661057.1             45.44%    passed     88.59%
 342  KX661059.1             45.44%    passed     97.48%
 343  KX661061.1             45.44%    passed     94.77%
 344  KX661062.1             45.44%    passed     94.77%
 345  KX661063.1             45.44%    passed     88.59%
 346  MF538608.1             46.01%    passed     95.27%
 347  ON796814.1             48.02%    passed     37.28%
 348  ON810614.1             47.19%    passed     86.69%
 349  OQ383429.1             47.23%    passed     84.52%
 350  PVSY01000043.1         47.36%    failed      0.00%
****  TOTAL                  38.52%  4 sequences failed composition chi2 test (p-value<5%; df=3)
NOTE: AF104678.1 is identical to AF104679.1 but kept for subsequent analysis
NOTE: AY986762.1 is identical to AY691536.1 but kept for subsequent analysis
NOTE: JN578465.1 is identical to NR_118289.1 but kept for subsequent analysis
NOTE: MT500684.1 is identical to MT665031.1 but kept for subsequent analysis
NOTE: GU045404.1 is identical to NR_117426.1 but kept for subsequent analysis
NOTE: MT597725.1 is identical to MT597726.1 but kept for subsequent analysis
NOTE: KC569582.1 is identical to KC569576.1 but kept for subsequent analysis
NOTE: MF578782.1 is identical to MK270132.2 but kept for subsequent analysis
NOTE: OR501229.1 is identical to OR501251.1 but kept for subsequent analysis
NOTE: OR501259.1 is identical to OR501238.1 but kept for subsequent analysis
NOTE: JN787195.1 is identical to JN787200.1 but kept for subsequent analysis
NOTE: JN787198.1 is identical to JN787199.1 but kept for subsequent analysis
NOTE: JN787185.1 is identical to JN787184.1 but kept for subsequent analysis
NOTE: JN787164.1 is identical to JN787183.1 but kept for subsequent analysis
NOTE: JX993434.1 is identical to JX993433.1 but kept for subsequent analysis
NOTE: JN787167.1 is identical to JN787166.1 but kept for subsequent analysis
NOTE: NR_112705.1 is identical to AB355609.1 but kept for subsequent analysis
NOTE: NR_118937.1 is identical to X58309.1 but kept for subsequent analysis
NOTE: KX661073.1 is identical to KX661046.1 but kept for subsequent analysis
NOTE: KX661043.1 is identical to KX661070.1 but kept for subsequent analysis
NOTE: KX661071.1 is identical to KX661074.1 but kept for subsequent analysis
NOTE: KX661089.1 is identical to KX661072.1 but kept for subsequent analysis
NOTE: KX661047.1 is identical to KX661113.1 but kept for subsequent analysis
Checking for duplicate sequences: done in 0.00202703 secs using 2342% CPU
Identifying sites to remove: done in 0.00631905 secs using 2153% CPU
NOTE: 60 identical sequences (see below) will be ignored for subsequent analysis
NOTE: MW407045.1 (identical to NR_118289.1) is ignored but added at the end
NOTE: MT256261.1 (identical to MT665031.1) is ignored but added at the end
NOTE: MT320108.1 (identical to MT665031.1) is ignored but added at the end
NOTE: MT295467.1 (identical to MT665031.1) is ignored but added at the end
NOTE: DQ232518.1 (identical to NR_117426.1) is ignored but added at the end
NOTE: OR501283.1 (identical to OR501238.1) is ignored but added at the end
NOTE: OR501257.1 (identical to OR501238.1) is ignored but added at the end
NOTE: JN787186.1 (identical to JN787200.1) is ignored but added at the end
NOTE: JN787187.1 (identical to JN787200.1) is ignored but added at the end
NOTE: JX993436.1 (identical to JN787200.1) is ignored but added at the end
NOTE: JN787210.1 (identical to JN787200.1) is ignored but added at the end
NOTE: JN787219.1 (identical to JN787200.1) is ignored but added at the end
NOTE: JN787218.1 (identical to JN787200.1) is ignored but added at the end
NOTE: JN787217.1 (identical to JN787200.1) is ignored but added at the end
NOTE: JN787216.1 (identical to JN787200.1) is ignored but added at the end
NOTE: JN787215.1 (identical to JN787200.1) is ignored but added at the end
NOTE: JN787212.1 (identical to JN787200.1) is ignored but added at the end
NOTE: JN787211.1 (identical to JN787200.1) is ignored but added at the end
NOTE: JN787207.1 (identical to JN787200.1) is ignored but added at the end
NOTE: JN787206.1 (identical to JN787200.1) is ignored but added at the end
NOTE: JN787197.1 (identical to JN787199.1) is ignored but added at the end
NOTE: JN787194.1 (identical to JN787199.1) is ignored but added at the end
NOTE: JN787188.1 (identical to JN787199.1) is ignored but added at the end
NOTE: JN787193.1 (identical to JN787199.1) is ignored but added at the end
NOTE: JN787192.1 (identical to JN787199.1) is ignored but added at the end
NOTE: JN787191.1 (identical to JN787199.1) is ignored but added at the end
NOTE: JN787190.1 (identical to JN787199.1) is ignored but added at the end
NOTE: JN787189.1 (identical to JN787199.1) is ignored but added at the end
NOTE: NR_118320.1 (identical to JN787199.1) is ignored but added at the end
NOTE: JN787202.1 (identical to JN787199.1) is ignored but added at the end
NOTE: JX993435.1 (identical to JN787199.1) is ignored but added at the end
NOTE: JN787201.1 (identical to JN787199.1) is ignored but added at the end
NOTE: JN787203.1 (identical to JN787199.1) is ignored but added at the end
NOTE: JN787204.1 (identical to JN787199.1) is ignored but added at the end
NOTE: JN787220.1 (identical to JN787199.1) is ignored but added at the end
NOTE: JN787214.1 (identical to JN787199.1) is ignored but added at the end
NOTE: JN787213.1 (identical to JN787199.1) is ignored but added at the end
NOTE: JN787209.1 (identical to JN787199.1) is ignored but added at the end
NOTE: JN787208.1 (identical to JN787199.1) is ignored but added at the end
NOTE: JX993438.1 (identical to JN787184.1) is ignored but added at the end
NOTE: JN787180.1 (identical to JN787184.1) is ignored but added at the end
NOTE: JN787171.1 (identical to JN787183.1) is ignored but added at the end
NOTE: JN787172.1 (identical to JN787183.1) is ignored but added at the end
NOTE: JN787173.1 (identical to JN787183.1) is ignored but added at the end
NOTE: JN787174.1 (identical to JN787183.1) is ignored but added at the end
NOTE: JN787175.1 (identical to JN787183.1) is ignored but added at the end
NOTE: JN787176.1 (identical to JN787183.1) is ignored but added at the end
NOTE: JN787177.1 (identical to JN787183.1) is ignored but added at the end
NOTE: JN787178.1 (identical to JN787183.1) is ignored but added at the end
NOTE: JN787179.1 (identical to JN787183.1) is ignored but added at the end
NOTE: KX661075.1 (identical to KX661046.1) is ignored but added at the end
NOTE: KX661068.1 (identical to KX661046.1) is ignored but added at the end
NOTE: KX661054.1 (identical to KX661046.1) is ignored but added at the end
NOTE: KX661048.1 (identical to KX661046.1) is ignored but added at the end
NOTE: KX661055.1 (identical to KX661046.1) is ignored but added at the end
NOTE: KX661061.1 (identical to KX661046.1) is ignored but added at the end
NOTE: KX661062.1 (identical to KX661046.1) is ignored but added at the end
NOTE: KX661056.1 (identical to KX661074.1) is ignored but added at the end
NOTE: KX661057.1 (identical to KX661074.1) is ignored but added at the end
NOTE: KX661063.1 (identical to KX661074.1) is ignored but added at the end
Alignment was printed to tree_350_primary.uniqueseq.phy

For your convenience alignment with unique sequences printed to tree_350_primary.uniqueseq.phy


Create initial parsimony tree by phylogenetic likelihood library (PLL)... 0.069 seconds
Measuring multi-threading efficiency up to 40 CPU cores
Increase to 10 rounds for branch lengths
45 trees examined
Threads: 1 / Time: 40.137 sec / Speedup: 1.000 / Efficiency: 100% / LogL: -26774
Threads: 2 / Time: 24.871 sec / Speedup: 1.614 / Efficiency: 81% / LogL: -26774
Threads: 3 / Time: 19.441 sec / Speedup: 2.065 / Efficiency: 69% / LogL: -26774
Threads: 4 / Time: 21.634 sec / Speedup: 1.855 / Efficiency: 46% / LogL: -26774
Determining AUTO threadcount: done in 106.09 secs using 225.4% CPU
BEST NUMBER OF THREADS: 3

Perform fast likelihood tree search using GTR+I+G model...
Estimate model parameters (epsilon = 5.000)
Perform nearest neighbor interchange...
Estimate model parameters (epsilon = 1.000)
1. Initial log-likelihood: -16849.897
2. Current log-likelihood: -16847.107
3. Current log-likelihood: -16845.128
4. Current log-likelihood: -16843.693
5. Current log-likelihood: -16842.636
Optimal log-likelihood: -16841.821
Rate parameters:  A-C: 0.88283  A-G: 2.72286  A-T: 1.44537  C-G: 0.92894  C-T: 3.49655  G-T: 1.00000
Base frequencies:  A: 0.261  C: 0.219  G: 0.304  T: 0.217
Proportion of invariable sites: 0.005
Gamma shape alpha: 1.066
Parameters optimization took 5 rounds (0.747 sec)
Time for fast ML tree search: 3.584 seconds

NOTE: ModelFinder requires 158 MB RAM!
ModelFinder will test up to 968 DNA models (sample size: 2293 epsilon: 0.100) ...
 No. Model         -LnL         df  AIC          AICc         BIC
Akaike Information Criterion:           GTR+R3
Corrected Akaike Information Criterion: TVM+R3
Bayesian Information Criterion:         K3Pu+R3
Best-fit model: K3Pu+R3 chosen according to BIC

All model information printed to tree_350_primary.model.gz
CPU time for ModelFinder: 552.067 seconds (0h:9m:12s)
Wall-clock time for ModelFinder: 210.068 seconds (0h:3m:30s)
Generating 1000 samples for ultrafast bootstrap (seed: 20260827)...

NOTE: 51 MB RAM (0 GB) is required!
Estimate model parameters (epsilon = 0.100)
1. Initial log-likelihood: -16545.097
2. Current log-likelihood: -16544.866
Optimal log-likelihood: -16544.854
Rate parameters:  A-C: 1.00000  A-G: 3.00862  A-T: 1.26842  C-G: 1.26842  C-T: 3.00862  G-T: 1.00000
Base frequencies:  A: 0.261  C: 0.219  G: 0.304  T: 0.217
Site proportion and rates:  (0.873,0.317) (0.081,2.653) (0.046,10.976)
Parameters optimization took 2 rounds (0.616 sec)
Wrote distance file to... 
Computing ML distances based on estimated model parameters...
Calculating distance matrix: done in 0.105894 secs using 296.9% CPU
Computing ML distances took 0.106646 sec (of wall-clock time) 0.315553 sec (of CPU time)
Setting up auxiliary I and S matrices: done in 0.00138187 secs using 346.8% CPU
Constructing RapidNJ tree: done in 0.02018 secs using 347.3% CPU
Computing RapidNJ tree took 0.021602 sec (of wall-clock time) 0.074965 sec (of CPU time)
Log-likelihood of RapidNJ tree: -16802.694
--------------------------------------------------------------------
|             INITIALIZING CANDIDATE TREE SET                      |
--------------------------------------------------------------------
Generating 98 parsimony trees... 6.387 second
Computing log-likelihood of 98 initial trees ... 3.849 seconds
Current best score: -16544.854

Do NNI search on 20 best initial trees
Estimate model parameters (epsilon = 0.100)
BETTER TREE FOUND at iteration 1: -16544.760
Estimate model parameters (epsilon = 0.100)
BETTER TREE FOUND at iteration 4: -16533.143
Iteration 10 / LogL: -16533.340 / Time: 0h:4m:24s
Estimate model parameters (epsilon = 0.100)
BETTER TREE FOUND at iteration 16: -16524.479
Iteration 20 / LogL: -16555.040 / Time: 0h:5m:4s
Finish initializing candidate tree set (20)
Current best tree score: -16524.479 / CPU time: 92.859
Number of iterations: 20
--------------------------------------------------------------------
|               OPTIMIZING CANDIDATE TREE SET                      |
--------------------------------------------------------------------
Iteration 30 / LogL: -16556.901 / Time: 0h:5m:42s (0h:6m:32s left)
Iteration 40 / LogL: -16525.454 / Time: 0h:6m:5s (0h:5m:2s left)
Estimate model parameters (epsilon = 0.100)
BETTER TREE FOUND at iteration 41: -16523.959
Estimate model parameters (epsilon = 0.100)
BETTER TREE FOUND at iteration 42: -16516.037
Iteration 50 / LogL: -16529.601 / Time: 0h:6m:35s (0h:5m:47s left)
Log-likelihood cutoff on original alignment: -16584.126
Estimate model parameters (epsilon = 0.100)
BETTER TREE FOUND at iteration 52: -16515.706
Estimate model parameters (epsilon = 0.100)
BETTER TREE FOUND at iteration 55: -16512.893
Iteration 60 / LogL: -16523.665 / Time: 0h:7m:1s (0h:5m:39s left)
Estimate model parameters (epsilon = 0.100)
BETTER TREE FOUND at iteration 65: -16511.907
Iteration 70 / LogL: -16512.212 / Time: 0h:7m:20s (0h:5m:16s left)
Estimate model parameters (epsilon = 0.100)
BETTER TREE FOUND at iteration 71: -16510.148
Iteration 80 / LogL: -16525.049 / Time: 0h:7m:54s (0h:5m:4s left)
Estimate model parameters (epsilon = 0.100)
BETTER TREE FOUND at iteration 84: -16509.860
Estimate model parameters (epsilon = 0.100)
BETTER TREE FOUND at iteration 86: -16507.644
Estimate model parameters (epsilon = 0.100)
BETTER TREE FOUND at iteration 89: -16502.373
Iteration 90 / LogL: -16509.154 / Time: 0h:8m:21s (0h:5m:24s left)
Iteration 100 / LogL: -16609.029 / Time: 0h:8m:46s (0h:4m:44s left)
Log-likelihood cutoff on original alignment: -16584.126
NOTE: Bootstrap correlation coefficient of split occurrence frequencies: 0.894
NOTE: UFBoot does not converge, continue at least 100 more iterations
Iteration 110 / LogL: -16524.240 / Time: 0h:9m:11s (0h:4m:41s left)
Estimate model parameters (epsilon = 0.100)
BETTER TREE FOUND at iteration 120: -16502.085
Iteration 120 / LogL: -16502.085 / Time: 0h:9m:36s (0h:5m:8s left)
Iteration 130 / LogL: -16637.422 / Time: 0h:9m:59s (0h:4m:31s left)
Estimate model parameters (epsilon = 0.100)
BETTER TREE FOUND at iteration 139: -16502.057
Iteration 140 / LogL: -16503.992 / Time: 0h:10m:22s (0h:4m:53s left)
Iteration 150 / LogL: -16525.097 / Time: 0h:10m:44s (0h:4m:19s left)
Log-likelihood cutoff on original alignment: -16584.126
Iteration 160 / LogL: -16511.971 / Time: 0h:11m:10s (0h:3m:49s left)
Iteration 170 / LogL: -16530.808 / Time: 0h:11m:38s (0h:3m:19s left)
Iteration 180 / LogL: -16523.867 / Time: 0h:12m:5s (0h:2m:49s left)
Iteration 190 / LogL: -16521.195 / Time: 0h:12m:37s (0h:2m:21s left)
Iteration 200 / LogL: -16526.941 / Time: 0h:12m:57s (0h:1m:51s left)
Log-likelihood cutoff on original alignment: -16584.126
NOTE: Bootstrap correlation coefficient of split occurrence frequencies: 0.953
NOTE: UFBoot does not converge, continue at least 100 more iterations
Iteration 210 / LogL: -16519.240 / Time: 0h:13m:23s (0h:4m:15s left)
Iteration 220 / LogL: -16514.527 / Time: 0h:13m:47s (0h:3m:45s left)
Iteration 230 / LogL: -16531.036 / Time: 0h:14m:18s (0h:3m:18s left)
Iteration 240 / LogL: -16526.071 / Time: 0h:14m:47s (0h:2m:50s left)
Iteration 250 / LogL: -16543.637 / Time: 0h:15m:12s (0h:2m:21s left)
Log-likelihood cutoff on original alignment: -16584.126
Estimate model parameters (epsilon = 0.100)
BETTER TREE FOUND at iteration 256: -16501.961
Iteration 260 / LogL: -16518.573 / Time: 0h:15m:40s (0h:4m:30s left)
Iteration 270 / LogL: -16511.061 / Time: 0h:16m:7s (0h:4m:2s left)
Iteration 280 / LogL: -16530.964 / Time: 0h:16m:37s (0h:3m:34s left)
Estimate model parameters (epsilon = 0.100)
BETTER TREE FOUND at iteration 288: -16501.491
Iteration 290 / LogL: -16511.950 / Time: 0h:17m:3s (0h:4m:35s left)
Iteration 300 / LogL: -16509.998 / Time: 0h:17m:30s (0h:4m:7s left)
Log-likelihood cutoff on original alignment: -16584.126
NOTE: Bootstrap correlation coefficient of split occurrence frequencies: 0.983
NOTE: UFBoot does not converge, continue at least 100 more iterations
Iteration 310 / LogL: -16516.044 / Time: 0h:17m:54s (0h:4m:11s left)
Iteration 320 / LogL: -16503.592 / Time: 0h:18m:25s (0h:3m:44s left)
Iteration 330 / LogL: -16520.708 / Time: 0h:18m:51s (0h:3m:16s left)
Iteration 340 / LogL: -16501.587 / Time: 0h:19m:16s (0h:2m:47s left)
Iteration 350 / LogL: -16511.300 / Time: 0h:19m:46s (0h:2m:19s left)
Log-likelihood cutoff on original alignment: -16584.126
Iteration 360 / LogL: -16504.501 / Time: 0h:20m:18s (0h:1m:52s left)
BETTER TREE FOUND at iteration 366: -16501.488
Iteration 370 / LogL: -16593.333 / Time: 0h:20m:43s (0h:4m:28s left)
Iteration 380 / LogL: -16518.966 / Time: 0h:21m:11s (0h:4m:0s left)
BETTER TREE FOUND at iteration 390: -16501.483
Iteration 390 / LogL: -16501.483 / Time: 0h:21m:38s (0h:4m:39s left)
Iteration 400 / LogL: -16639.834 / Time: 0h:22m:9s (0h:4m:12s left)
Log-likelihood cutoff on original alignment: -16584.126
NOTE: Bootstrap correlation coefficient of split occurrence frequencies: 0.953
NOTE: UFBoot does not converge, continue at least 100 more iterations
Iteration 410 / LogL: -16513.801 / Time: 0h:22m:36s (0h:4m:12s left)
Iteration 420 / LogL: -16506.977 / Time: 0h:23m:5s (0h:3m:44s left)
Estimate model parameters (epsilon = 0.100)
BETTER TREE FOUND at iteration 426: -16501.462
Iteration 430 / LogL: -16501.470 / Time: 0h:23m:37s (0h:4m:30s left)
Iteration 440 / LogL: -16501.516 / Time: 0h:24m:6s (0h:4m:2s left)
Iteration 450 / LogL: -16502.584 / Time: 0h:24m:42s (0h:3m:35s left)
Log-likelihood cutoff on original alignment: -16584.126
Iteration 460 / LogL: -16504.953 / Time: 0h:25m:20s (0h:3m:8s left)
Iteration 470 / LogL: -16505.088 / Time: 0h:25m:51s (0h:2m:40s left)
BETTER TREE FOUND at iteration 472: -16501.457
Iteration 480 / LogL: -16506.843 / Time: 0h:26m:24s (0h:4m:24s left)
Iteration 490 / LogL: -16501.470 / Time: 0h:26m:58s (0h:3m:56s left)
Iteration 500 / LogL: -16501.477 / Time: 0h:27m:26s (0h:3m:27s left)
Log-likelihood cutoff on original alignment: -16584.126
NOTE: Bootstrap correlation coefficient of split occurrence frequencies: 0.955
NOTE: UFBoot does not converge, continue at least 100 more iterations
Iteration 510 / LogL: -16510.885 / Time: 0h:28m:5s (0h:4m:20s left)
Iteration 520 / LogL: -16603.542 / Time: 0h:28m:36s (0h:3m:52s left)
Iteration 530 / LogL: -16519.546 / Time: 0h:29m:8s (0h:3m:23s left)
Iteration 540 / LogL: -16501.467 / Time: 0h:29m:42s (0h:2m:55s left)
Iteration 550 / LogL: -16502.128 / Time: 0h:30m:12s (0h:2m:25s left)
Log-likelihood cutoff on original alignment: -16575.152
Iteration 560 / LogL: -16514.348 / Time: 0h:30m:46s (0h:1m:57s left)
Iteration 570 / LogL: -16507.182 / Time: 0h:31m:15s (0h:1m:27s left)
Iteration 580 / LogL: -16527.061 / Time: 0h:31m:45s (0h:0m:58s left)
Iteration 590 / LogL: -16507.510 / Time: 0h:32m:15s (0h:0m:29s left)
Iteration 600 / LogL: -16509.891 / Time: 0h:32m:45s (0h:0m:0s left)
Log-likelihood cutoff on original alignment: -16575.152
NOTE: Bootstrap correlation coefficient of split occurrence frequencies: 0.963
NOTE: UFBoot does not converge, continue at least 100 more iterations
Iteration 610 / LogL: -16530.669 / Time: 0h:33m:25s (0h:4m:25s left)
Iteration 620 / LogL: -16607.015 / Time: 0h:33m:56s (0h:3m:56s left)
Iteration 630 / LogL: -16501.483 / Time: 0h:34m:27s (0h:3m:26s left)
Iteration 640 / LogL: -16507.762 / Time: 0h:34m:57s (0h:2m:57s left)
Iteration 650 / LogL: -16516.610 / Time: 0h:35m:26s (0h:2m:27s left)
Log-likelihood cutoff on original alignment: -16575.152
Estimate model parameters (epsilon = 0.100)
BETTER TREE FOUND at iteration 657: -16501.393
Iteration 660 / LogL: -16501.809 / Time: 0h:35m:59s (0h:4m:46s left)
Iteration 670 / LogL: -16512.735 / Time: 0h:36m:28s (0h:4m:17s left)
Iteration 680 / LogL: -16512.668 / Time: 0h:37m:3s (0h:3m:48s left)
Iteration 690 / LogL: -16707.725 / Time: 0h:37m:29s (0h:3m:18s left)
Iteration 700 / LogL: -16513.535 / Time: 0h:38m:0s (0h:2m:48s left)
Log-likelihood cutoff on original alignment: -16575.152
NOTE: Bootstrap correlation coefficient of split occurrence frequencies: 0.972
NOTE: UFBoot does not converge, continue at least 100 more iterations
Iteration 710 / LogL: -16527.534 / Time: 0h:38m:36s (0h:4m:27s left)
Iteration 720 / LogL: -16511.250 / Time: 0h:39m:11s (0h:3m:58s left)
Iteration 730 / LogL: -16504.040 / Time: 0h:39m:49s (0h:3m:29s left)
Iteration 740 / LogL: -16521.293 / Time: 0h:40m:19s (0h:2m:59s left)
Iteration 750 / LogL: -16511.359 / Time: 0h:40m:48s (0h:2m:29s left)
Log-likelihood cutoff on original alignment: -16575.152
Iteration 760 / LogL: -16553.412 / Time: 0h:41m:19s (0h:1m:59s left)
Iteration 770 / LogL: -16510.077 / Time: 0h:41m:50s (0h:1m:29s left)
Iteration 780 / LogL: -16530.218 / Time: 0h:42m:23s (0h:0m:59s left)
Iteration 790 / LogL: -16511.614 / Time: 0h:42m:54s (0h:0m:29s left)
Iteration 800 / LogL: -16525.006 / Time: 0h:43m:24s (0h:0m:0s left)
Log-likelihood cutoff on original alignment: -16575.152
NOTE: Bootstrap correlation coefficient of split occurrence frequencies: 0.976
NOTE: UFBoot does not converge, continue at least 100 more iterations
Iteration 810 / LogL: -16510.113 / Time: 0h:43m:54s (0h:4m:29s left)
Iteration 820 / LogL: -16528.937 / Time: 0h:44m:24s (0h:3m:59s left)
Iteration 830 / LogL: -16511.947 / Time: 0h:45m:2s (0h:3m:30s left)
Iteration 840 / LogL: -16511.100 / Time: 0h:45m:35s (0h:3m:0s left)
Iteration 850 / LogL: -16501.417 / Time: 0h:46m:8s (0h:2m:30s left)
Log-likelihood cutoff on original alignment: -16575.152
Iteration 860 / LogL: -16505.342 / Time: 0h:46m:45s (0h:2m:0s left)
Iteration 870 / LogL: -16632.758 / Time: 0h:47m:14s (0h:1m:30s left)
Iteration 880 / LogL: -16514.715 / Time: 0h:47m:49s (0h:1m:0s left)
Iteration 890 / LogL: -16506.590 / Time: 0h:48m:16s (0h:0m:30s left)
Iteration 900 / LogL: -16649.024 / Time: 0h:48m:53s (0h:0m:0s left)
Log-likelihood cutoff on original alignment: -16575.152
NOTE: Bootstrap correlation coefficient of split occurrence frequencies: 0.975
NOTE: UFBoot does not converge, continue at least 100 more iterations
Iteration 910 / LogL: -16522.465 / Time: 0h:49m:32s (0h:4m:33s left)
Iteration 920 / LogL: -16509.874 / Time: 0h:50m:4s (0h:4m:3s left)
Iteration 930 / LogL: -16501.895 / Time: 0h:50m:39s (0h:3m:33s left)
Iteration 940 / LogL: -16547.400 / Time: 0h:51m:12s (0h:3m:2s left)
Iteration 950 / LogL: -16504.987 / Time: 0h:51m:45s (0h:2m:32s left)
Log-likelihood cutoff on original alignment: -16575.152
Iteration 960 / LogL: -16513.489 / Time: 0h:52m:20s (0h:2m:2s left)
Iteration 970 / LogL: -16519.563 / Time: 0h:52m:51s (0h:1m:31s left)
Iteration 980 / LogL: -16512.362 / Time: 0h:53m:27s (0h:1m:1s left)
Iteration 990 / LogL: -16519.351 / Time: 0h:53m:57s (0h:0m:30s left)
Iteration 1000 / LogL: -16523.926 / Time: 0h:54m:34s (0h:0m:0s left)
Log-likelihood cutoff on original alignment: -16575.152
NOTE: Bootstrap correlation coefficient of split occurrence frequencies: 0.979
NOTE: UFBoot does not converge, continue at least 100 more iterations
WARNING: bootstrap analysis did not converge. You should rerun with higher number of iterations (-nm option)
TREE SEARCH COMPLETED AFTER 1001 ITERATIONS / Time: 0h:54m:38s

--------------------------------------------------------------------
|                    FINALIZING TREE SEARCH                        |
--------------------------------------------------------------------
Performs final model parameters optimization
Estimate model parameters (epsilon = 0.010)
1. Initial log-likelihood: -16501.393
Optimal log-likelihood: -16501.393
Rate parameters:  A-C: 1.00000  A-G: 2.98487  A-T: 1.27009  C-G: 1.27009  C-T: 2.98487  G-T: 1.00000
Base frequencies:  A: 0.261  C: 0.219  G: 0.304  T: 0.217
Site proportion and rates:  (0.875,0.316) (0.081,2.703) (0.044,11.393)
Parameters optimization took 1 rounds (0.214 sec)
BEST SCORE FOUND : -16501.393
Creating bootstrap support values...
Split supports printed to NEXUS file tree_350_primary.splits.nex
Total tree length: 10.291

Total number of iterations: 1001
CPU time used for tree search: 8624.535 sec (2h:23m:44s)
Wall-clock time used for tree search: 3066.407 sec (0h:51m:6s)
Total CPU time used: 9186.108 sec (2h:33m:6s)
Total wall-clock time used: 3280.427 sec (0h:54m:40s)

Computing bootstrap consensus tree...
Reading input file tree_350_primary.splits.nex...
290 taxa and 13468 splits.
Consensus tree written to tree_350_primary.contree
Reading input trees file tree_350_primary.contree
Log-likelihood of consensus tree: -16501.676

Analysis results written to: 
  IQ-TREE report:                tree_350_primary.iqtree
  Maximum-likelihood tree:       tree_350_primary.treefile
  Likelihood distances:          tree_350_primary.mldist

Ultrafast bootstrap approximation results written to:
  Split support values:          tree_350_primary.splits.nex
  Consensus tree:                tree_350_primary.contree
  Screen log file:               tree_350_primary.log

Date and Time: Sun Sep  6 14:54:19 2026
