IQ-TREE multicore version 2.4.0 for Linux x86 64-bit built Feb 12 2025
Developed by Bui Quang Minh, Nguyen Lam Tung, Olga Chernomor, Heiko Schmidt,
Dominik Schrempf, Michael Woodhams, Ly Trong Nhan, Thomas Wong

Host:    cn117 (AVX512, FMA3, 188 GB RAM)
Command: /ddnlus/r3130/miniconda3/envs/iqtree/bin/iqtree2 -s Aligned.Strepto.aln -m K2P+R2 -nt 8 -bb 10000 -redo -safe
Seed:    980804 (Using SPRNG - Scalable Parallel Random Number Generator)
Time:    Wed Oct 29 13:12:59 2025
Kernel:  Safe AVX+FMA - 8 threads (8 CPU cores detected)

Reading alignment file Aligned.Strepto.aln ... Fasta format detected
Reading fasta file: done in 0.0114167 secs using 99.99% CPU
Alignment most likely contains DNA/RNA sequences
WARNING: 2 sites contain only gaps or ambiguous characters.
Alignment has 354 sequences with 2310 columns, 1592 distinct patterns
750 parsimony-informative, 897 singleton sites, 663 constant sites
                      Gap/Ambiguity  Composition  p-value
Analyzing sequences: done in 0.0089471 secs using 684.7% CPU
   1  AF104679.1             32.16%    passed     99.64%
   2  AF104678.1             32.16%    passed     99.64%
   3  NR_041722.2            32.90%    passed     99.21%
   4  OQ216617.1             32.77%    passed     98.44%
   5  JN713285.1             33.03%    passed     99.62%
   6  GU470894.1             33.72%    passed     99.50%
   7  AF145245.1             34.24%    passed     96.40%
   8  ON077342.1             33.85%    passed     99.97%
   9  AF145244.1             33.94%    passed     96.12%
  10  AF145239.1             34.07%    passed     99.80%
  11  MW595979.1             34.07%    passed     99.93%
  12  NZ_JAQMKN010000038.1   34.11%    failed      0.00%
  13  AY986764.1             34.20%    passed     98.61%
  14  AY691541.1             34.20%    passed     99.74%
  15  AY986765.1             34.20%    passed     99.80%
  16  MH628245.1             34.29%    passed     99.01%
  17  MH628233.1             34.33%    passed     98.89%
  18  KF933782.1             34.33%    passed     98.29%
  19  AY986763.1             34.33%    passed     99.90%
  20  AY691536.1             34.33%    passed     99.90%
  21  AY986762.1             34.33%    passed     99.90%
  22  AY986761.1             34.33%    passed     99.77%
  23  AY691535.1             34.37%    passed     99.63%
  24  AY691534.1             34.63%    passed     99.72%
  25  LC144558.1             35.54%    passed     98.26%
  26  KM225745.1             34.76%    passed     98.97%
  27  MW595978.1             34.85%    passed     96.95%
  28  MW543923.1             34.85%    passed     95.70%
  29  AF145242.1             34.89%    passed     98.30%
  30  LC545465.1             34.98%    passed     99.83%
  31  MW543926.1             34.98%    passed     99.41%
  32  AF145243.1             35.15%    passed     97.81%
  33  AF145246.1             35.45%    passed     98.35%
  34  OM265428.1             35.28%    passed     98.03%
  35  AF145240.1             35.41%    passed     98.25%
  36  AF145241.1             35.63%    passed     98.89%
  37  KF733693.1             35.63%    passed     99.76%
  38  KF733694.1             35.63%    passed     99.66%
  39  KF733689.1             35.63%    passed     98.19%
  40  KF733717.1             35.63%    passed     92.06%
  41  KF733702.1             35.63%    passed     99.61%
  42  KF733691.1             35.63%    passed     99.01%
  43  KF733700.1             35.63%    passed     99.70%
  44  LC140947.1             36.02%    passed     99.08%
  45  MW555226.1             35.97%    passed     99.63%
  46  MT242497.1             35.97%    passed     99.57%
  47  MW555231.1             36.02%    passed     99.88%
  48  MT459251.1             36.02%    passed     99.88%
  49  MT261804.1             36.02%    passed     99.83%
  50  MT242501.1             36.02%    passed     99.64%
  51  NR_118289.1            36.02%    passed     99.73%
  52  MT261807.1             36.02%    passed     99.57%
  53  MT280213.1             36.02%    passed     99.52%
  54  MT665031.1             36.02%    passed     99.78%
  55  MT658564.1             36.02%    passed     99.78%
  56  KJ728813.1             36.02%    passed     96.82%
  57  MT500684.1             36.02%    passed     99.78%
  58  MT498552.1             36.02%    passed     99.52%
  59  MT482705.1             36.02%    passed     99.67%
  60  MT477776.1             36.02%    passed     99.78%
  61  MT459269.1             36.02%    passed     99.78%
  62  MT459252.1             36.02%    passed     99.84%
  63  JN578465.1             36.02%    passed     99.73%
  64  MW404518.1             36.02%    passed     99.57%
  65  MT256261.1             36.02%    passed     99.78%
  66  MW658778.1             36.02%    passed     99.78%
  67  MT436816.1             36.06%    passed     99.80%
  68  MT320108.1             36.02%    passed     99.78%
  69  MT280310.1             36.02%    passed     99.74%
  70  MW404394.1             36.02%    passed     99.73%
  71  MT299717.1             36.02%    passed     99.73%
  72  MT299682.1             36.02%    passed     99.57%
  73  MT436826.1             36.02%    passed     99.91%
  74  MT295467.1             36.02%    passed     99.78%
  75  MW404519.1             36.02%    passed     99.57%
  76  MW407045.1             36.02%    passed     99.73%
  77  MW412584.1             36.02%    passed     99.74%
  78  MW541857.1             36.02%    passed     99.57%
  79  MT261781.1             36.06%    passed     97.69%
  80  MT436823.1             36.06%    passed     99.88%
  81  MT280220.1             36.06%    passed     99.47%
  82  NR_117426.1            36.06%    passed     95.10%
  83  DQ232517.1             36.06%    passed     97.75%
  84  MW404398.1             36.06%    passed     99.46%
  85  MW404400.1             36.10%    passed     99.86%
  86  GU045404.1             36.06%    passed     95.10%
  87  DQ232519.1             36.06%    passed     99.59%
  88  DQ232518.1             36.06%    passed     95.10%
  89  AY309096.1             36.36%    passed     99.75%
  90  MT597726.1             36.45%    passed     97.82%
  91  MT597725.1             36.45%    passed     97.82%
  92  MT597583.1             36.58%    passed     99.88%
  93  MT459365.1             36.62%    passed     97.14%
  94  MT545124.1             36.62%    passed     95.96%
  95  MT597584.1             36.67%    passed     98.76%
  96  MT597634.1             36.67%    passed     98.60%
  97  MT573751.1             36.71%    passed     97.18%
  98  MT512079.1             36.80%    passed     99.43%
  99  MT512098.1             36.80%    passed     98.74%
 100  MT573862.1             36.80%    passed     98.55%
 101  MT459364.1             36.84%    passed     99.38%
 102  MT597616.1             36.88%    passed     97.91%
 103  KM052286.1             37.06%    passed     96.38%
 104  MT597613.1             37.27%    passed     99.47%
 105  LC258132.1             37.27%    passed     99.78%
 106  MT573752.1             37.49%    passed     99.12%
 107  MT597617.1             37.49%    passed     99.84%
 108  MT597524.1             37.58%    passed     99.65%
 109  KJ803946.1             37.58%    passed     99.69%
 110  GU561378.1             37.62%    passed     99.95%
 111  GU561377.1             37.75%    passed     99.95%
 112  AY691537.1             37.79%    passed     98.29%
 113  GU907516.1             37.75%    passed     98.23%
 114  PQ222928.1             38.05%    passed     91.41%
 115  MT807632.1             38.05%    passed     97.33%
 116  JX678670.1             38.05%    passed     98.40%
 117  MH127521.1             38.05%    passed     99.80%
 118  OR501223.1             38.10%    passed     99.41%
 119  MH127522.1             38.10%    passed     99.93%
 120  PQ222916.1             38.14%    passed     99.91%
 121  PQ222941.1             38.14%    passed     99.91%
 122  PQ222932.1             38.18%    passed     99.85%
 123  PQ222938.1             38.27%    passed     99.71%
 124  KC569574.1             38.48%    passed     97.91%
 125  KC569575.1             38.27%    passed     99.51%
 126  KC569586.1             38.27%    passed     99.72%
 127  KC569576.1             38.27%    passed     96.40%
 128  KC569577.1             38.27%    passed     99.74%
 129  KC569591.1             38.27%    passed     90.14%
 130  KC569592.1             38.27%    passed     99.29%
 131  KC569593.1             38.27%    passed     99.30%
 132  KC569594.1             38.27%    passed     90.42%
 133  KC569589.1             38.27%    passed     99.06%
 134  KC569588.1             38.27%    passed     99.55%
 135  KC569587.1             38.27%    passed     94.42%
 136  KC569585.1             38.27%    passed     99.45%
 137  KC569584.1             38.27%    passed     91.73%
 138  KC569583.1             38.27%    passed     99.53%
 139  KC569582.1             38.27%    passed     96.40%
 140  KC569581.1             38.27%    passed     95.98%
 141  KC569580.1             38.27%    passed     99.53%
 142  KC569579.1             38.27%    passed     96.25%
 143  KC569578.1             38.27%    passed     99.53%
 144  MH817386.1             38.31%    passed     98.39%
 145  PQ222501.1             38.31%    passed     99.77%
 146  MW090399.1             38.40%    passed     99.84%
 147  JX678675.1             38.44%    passed     99.89%
 148  MT903068.1             38.44%    passed     99.93%
 149  OQ947771.1             38.48%    passed     98.30%
 150  MT807855.1             38.48%    passed     94.70%
 151  MT585451.1             38.53%    passed     97.33%
 152  MT807631.1             38.53%    passed     98.48%
 153  MT807630.1             38.57%    passed     89.25%
 154  KC569590.1             38.57%    passed     99.42%
 155  MH817392.1             38.61%    passed     94.98%
 156  PX419685.1             38.61%    passed     99.98%
 157  MF578814.1             38.70%    passed     99.82%
 158  JX678671.1             38.66%    passed     99.98%
 159  PX419550.1             38.70%    passed     99.97%
 160  PX419555.1             38.79%    passed     99.80%
 161  PX419553.1             38.79%    passed     99.80%
 162  OR501332.1             38.83%    passed     99.96%
 163  MK270132.2             38.87%    passed     99.60%
 164  MT807742.1             38.87%    passed     99.90%
 165  MF578782.1             38.87%    passed     99.60%
 166  OR501306.1             38.92%    passed     98.04%
 167  OR501317.1             38.92%    passed     98.16%
 168  OR501304.1             38.92%    passed     99.29%
 169  OR501281.1             38.92%    passed     99.92%
 170  OR501251.1             38.92%    passed     99.71%
 171  OR501282.1             38.92%    passed     99.72%
 172  OR501239.1             38.92%    passed     99.06%
 173  OR501238.1             38.92%    passed     99.89%
 174  OR501229.1             38.92%    passed     99.71%
 175  OR501225.1             38.92%    passed     99.43%
 176  OR501259.1             38.92%    passed     99.89%
 177  MT807854.1             38.92%    passed     93.60%
 178  OR501283.1             38.92%    passed     99.89%
 179  OR501255.1             38.92%    passed     99.29%
 180  OR501249.1             38.92%    passed     99.33%
 181  OR501257.1             38.92%    passed     99.89%
 182  MF578815.1             39.00%    passed     99.90%
 183  MT807694.1             38.96%    passed     99.86%
 184  MH930443.1             38.96%    passed     99.75%
 185  MF538609.1             39.13%    passed     99.29%
 186  MT807874.1             39.05%    passed     99.79%
 187  MT807695.1             39.09%    passed     99.86%
 188  MF538610.1             39.18%    passed     99.21%
 189  MT807875.1             39.13%    passed     99.98%
 190  PV270569.1             39.18%    passed     99.77%
 191  JN787196.1             39.22%    passed     99.86%
 192  JN787200.1             39.22%    passed     99.76%
 193  JN787199.1             39.22%    passed     99.93%
 194  JN787198.1             39.22%    passed     99.93%
 195  JN787197.1             39.22%    passed     99.93%
 196  JN787194.1             39.22%    passed     99.93%
 197  JN787195.1             39.22%    passed     99.76%
 198  JN787188.1             39.22%    passed     99.93%
 199  JN787193.1             39.22%    passed     99.93%
 200  JN787192.1             39.22%    passed     99.93%
 201  JN787191.1             39.22%    passed     99.93%
 202  JN787190.1             39.22%    passed     99.93%
 203  JN787189.1             39.22%    passed     99.93%
 204  JN787184.1             39.22%    passed     99.54%
 205  NR_118320.1            39.22%    passed     99.93%
 206  JN787186.1             39.22%    passed     99.76%
 207  JN787187.1             39.22%    passed     99.76%
 208  JN787185.1             39.22%    passed     99.54%
 209  JN787183.1             39.22%    passed     99.93%
 210  JN787202.1             39.22%    passed     99.93%
 211  JN787182.1             39.22%    passed     99.08%
 212  JX993433.1             39.22%    passed     99.80%
 213  JX993434.1             39.22%    passed     99.80%
 214  JX993435.1             39.22%    passed     99.93%
 215  JX993436.1             39.22%    passed     99.76%
 216  JX993438.1             39.22%    passed     99.54%
 217  JX993448.1             39.26%    passed     99.96%
 218  KC628749.1             39.22%    passed     99.10%
 219  JN787164.1             39.22%    passed     99.93%
 220  JN787165.1             39.22%    passed     99.99%
 221  JN787166.1             39.22%    passed     99.99%
 222  JN787167.1             39.22%    passed     99.99%
 223  JN787168.1             39.22%    passed     99.65%
 224  JN787169.1             39.26%    passed     99.89%
 225  JN787170.1             39.22%    passed     99.95%
 226  JN787171.1             39.22%    passed     99.93%
 227  JN787172.1             39.22%    passed     99.93%
 228  JN787173.1             39.22%    passed     99.93%
 229  JN787174.1             39.22%    passed     99.93%
 230  JN787175.1             39.22%    passed     99.93%
 231  JN787176.1             39.22%    passed     99.93%
 232  JN787177.1             39.22%    passed     99.93%
 233  JN787178.1             39.22%    passed     99.93%
 234  JN787179.1             39.22%    passed     99.93%
 235  JN787180.1             39.22%    passed     99.54%
 236  JN787181.1             39.22%    passed     99.51%
 237  JN787201.1             39.22%    passed     99.93%
 238  JN787210.1             39.22%    passed     99.76%
 239  JN787203.1             39.22%    passed     99.93%
 240  JN787204.1             39.22%    passed     99.93%
 241  JN787220.1             39.22%    passed     99.93%
 242  JN787219.1             39.22%    passed     99.76%
 243  JN787218.1             39.22%    passed     99.76%
 244  JN787217.1             39.22%    passed     99.76%
 245  JN787216.1             39.22%    passed     99.76%
 246  JN787215.1             39.22%    passed     99.76%
 247  JN787214.1             39.22%    passed     99.93%
 248  JN787213.1             39.22%    passed     99.93%
 249  JN787212.1             39.22%    passed     99.76%
 250  JN787211.1             39.22%    passed     99.76%
 251  JN787209.1             39.22%    passed     99.93%
 252  JN787208.1             39.22%    passed     99.93%
 253  JN787207.1             39.22%    passed     99.76%
 254  JN787206.1             39.22%    passed     99.76%
 255  JN787205.1             39.22%    passed     99.66%
 256  MT585448.1             39.26%    passed     99.49%
 257  MT807654.1             39.39%    passed     99.46%
 258  QSDO01000081.1         39.26%    failed      1.00%
 259  MF578816.1             39.26%    passed     99.98%
 260  KC628758.1             39.31%    passed     99.75%
 261  AB355613.1             39.44%    passed     99.17%
 262  AB355610.1             39.44%    passed     99.04%
 263  MT807741.1             39.44%    passed     99.96%
 264  AB355609.1             39.44%    passed     98.93%
 265  NR_112705.1            39.44%    passed     98.93%
 266  AB355614.1             39.44%    passed     98.77%
 267  AB355615.1             39.44%    passed     99.07%
 268  AB355612.1             39.44%    passed     98.78%
 269  MT807726.1             39.48%    passed     99.64%
 270  AB355611.1             39.52%    passed     96.26%
 271  MT585452.1             39.57%    passed     99.88%
 272  MT807472.1             39.74%    passed     99.85%
 273  MT807725.1             39.83%    passed     99.68%
 274  MT807646.1             39.87%    passed     95.76%
 275  MT807578.1             39.91%    passed     99.81%
 276  MH817660.1             39.91%    passed     90.43%
 277  MH817391.1             39.91%    passed     87.84%
 278  MT807287.1             40.00%    passed     90.98%
 279  MT807824.1             40.17%    passed     97.74%
 280  MT807830.1             40.17%    passed     99.94%
 281  MT807409.1             40.22%    passed     92.85%
 282  MT807562.1             40.26%    passed     93.21%
 283  MT807823.1             40.26%    passed     97.54%
 284  MH817390.1             40.26%    passed     95.58%
 285  MT807829.1             40.30%    passed     99.86%
 286  MT807825.1             40.35%    passed     96.11%
 287  MT807380.1             40.48%    passed     99.83%
 288  MH997762.1             40.56%    passed     88.66%
 289  MT807442.1             40.61%    passed     99.96%
 290  MT807410.1             40.65%    passed     95.27%
 291  MT807827.1             40.69%    passed     99.69%
 292  MT807495.1             40.69%    passed     99.52%
 293  MT807563.1             40.91%    passed     97.61%
 294  MT807381.1             40.95%    passed     99.86%
 295  MH817378.1             40.95%    passed     94.45%
 296  AB006119.1             41.00%    passed     98.89%
 297  MT807467.1             41.04%    passed     98.74%
 298  MT807231.1             41.17%    passed     99.50%
 299  MT807232.1             41.17%    passed     99.69%
 300  MH997758.1             41.26%    passed     80.61%
 301  AB006120.1             41.34%    passed     90.12%
 302  MT807213.1             41.60%    passed     99.96%
 303  MH817662.1             42.03%    passed     75.64%
 304  MK131295.1             42.03%    passed     79.25%
 305  X58309.1               43.25%    passed     99.69%
 306  NR_118937.1            43.25%    passed     99.69%
 307  ON055608.1             42.29%    passed     99.97%
 308  MT807441.1             42.99%    passed    100.00%
 309  MH813973.1             43.12%    passed     95.26%
 310  MG675045.1             43.90%    passed     98.76%
 311  PP825757.1             44.07%    passed     94.30%
 312  MT535860.1             44.24%    passed     94.01%
 313  MT535861.1             44.24%    passed     98.19%
 314  MK330515.1             44.24%    passed     94.31%
 315  PP825763.1             44.24%    passed     98.05%
 316  VYVX01000034.1         44.72%    failed      0.00%
 317  OR976019.1             44.94%    passed     95.09%
 318  OR976018.1             45.02%    passed     96.89%
 319  OR976017.1             45.45%    passed     91.09%
 320  KX661058.1             45.71%    passed     89.38%
 321  ON810613.1             45.71%    passed     83.68%
 322  KX661046.1             45.84%    passed     94.75%
 323  KX661070.1             45.84%    passed     88.44%
 324  KX661074.1             45.84%    passed     88.59%
 325  KX661071.1             45.84%    passed     88.59%
 326  KX661072.1             45.84%    passed     90.54%
 327  KX661073.1             45.84%    passed     94.75%
 328  KX661067.1             45.84%    passed     95.70%
 329  KX661075.1             45.84%    passed     94.75%
 330  KX661089.1             45.84%    passed     90.54%
 331  KX661113.1             45.84%    passed     96.14%
 332  KX661068.1             45.84%    passed     94.75%
 333  KX661065.1             45.84%    passed     91.01%
 334  KX661047.1             45.84%    passed     96.14%
 335  KX661054.1             45.84%    passed     94.75%
 336  KX661048.1             45.84%    passed     94.75%
 337  KX661044.1             45.84%    passed     94.90%
 338  KX661049.1             45.84%    passed     96.48%
 339  KX661050.1             45.84%    passed     93.50%
 340  KX661051.1             45.84%    passed     90.86%
 341  KX661043.1             45.84%    passed     88.44%
 342  KX661052.1             45.84%    passed     99.21%
 343  KX661055.1             45.84%    passed     94.75%
 344  KX661056.1             45.84%    passed     88.59%
 345  KX661057.1             45.84%    passed     88.59%
 346  KX661059.1             45.84%    passed     97.46%
 347  KX661061.1             45.84%    passed     94.75%
 348  KX661062.1             45.84%    passed     94.75%
 349  KX661063.1             45.84%    passed     88.59%
 350  MF538608.1             46.41%    passed     95.25%
 351  ON796814.1             48.40%    passed     37.26%
 352  ON810614.1             47.58%    passed     86.65%
 353  OQ383429.1             47.62%    passed     84.49%
 354  PVSY01000043.1         47.75%    failed      0.00%
****  TOTAL                  38.97%  4 sequences failed composition chi2 test (p-value<5%; df=3)
NOTE: AF104678.1 is identical to AF104679.1 but kept for subsequent analysis
NOTE: AY986762.1 is identical to AY691536.1 but kept for subsequent analysis
NOTE: JN578465.1 is identical to NR_118289.1 but kept for subsequent analysis
NOTE: MT500684.1 is identical to MT665031.1 but kept for subsequent analysis
NOTE: GU045404.1 is identical to NR_117426.1 but kept for subsequent analysis
NOTE: MT597725.1 is identical to MT597726.1 but kept for subsequent analysis
NOTE: KC569582.1 is identical to KC569576.1 but kept for subsequent analysis
NOTE: PX419553.1 is identical to PX419555.1 but kept for subsequent analysis
NOTE: MF578782.1 is identical to MK270132.2 but kept for subsequent analysis
NOTE: OR501229.1 is identical to OR501251.1 but kept for subsequent analysis
NOTE: OR501259.1 is identical to OR501238.1 but kept for subsequent analysis
NOTE: JN787195.1 is identical to JN787200.1 but kept for subsequent analysis
NOTE: JN787198.1 is identical to JN787199.1 but kept for subsequent analysis
NOTE: JN787185.1 is identical to JN787184.1 but kept for subsequent analysis
NOTE: JN787164.1 is identical to JN787183.1 but kept for subsequent analysis
NOTE: JX993434.1 is identical to JX993433.1 but kept for subsequent analysis
NOTE: JN787167.1 is identical to JN787166.1 but kept for subsequent analysis
NOTE: NR_112705.1 is identical to AB355609.1 but kept for subsequent analysis
NOTE: NR_118937.1 is identical to X58309.1 but kept for subsequent analysis
NOTE: KX661073.1 is identical to KX661046.1 but kept for subsequent analysis
NOTE: KX661043.1 is identical to KX661070.1 but kept for subsequent analysis
NOTE: KX661071.1 is identical to KX661074.1 but kept for subsequent analysis
NOTE: KX661089.1 is identical to KX661072.1 but kept for subsequent analysis
NOTE: KX661047.1 is identical to KX661113.1 but kept for subsequent analysis
NOTE: 60 identical sequences (see below) will be ignored for subsequent analysis
NOTE: MW407045.1 (identical to NR_118289.1) is ignored but added at the end
NOTE: MT256261.1 (identical to MT665031.1) is ignored but added at the end
NOTE: MT320108.1 (identical to MT665031.1) is ignored but added at the end
NOTE: MT295467.1 (identical to MT665031.1) is ignored but added at the end
NOTE: DQ232518.1 (identical to NR_117426.1) is ignored but added at the end
NOTE: OR501283.1 (identical to OR501238.1) is ignored but added at the end
NOTE: OR501257.1 (identical to OR501238.1) is ignored but added at the end
NOTE: JN787186.1 (identical to JN787200.1) is ignored but added at the end
NOTE: JN787187.1 (identical to JN787200.1) is ignored but added at the end
NOTE: JX993436.1 (identical to JN787200.1) is ignored but added at the end
NOTE: JN787210.1 (identical to JN787200.1) is ignored but added at the end
NOTE: JN787219.1 (identical to JN787200.1) is ignored but added at the end
NOTE: JN787218.1 (identical to JN787200.1) is ignored but added at the end
NOTE: JN787217.1 (identical to JN787200.1) is ignored but added at the end
NOTE: JN787216.1 (identical to JN787200.1) is ignored but added at the end
NOTE: JN787215.1 (identical to JN787200.1) is ignored but added at the end
NOTE: JN787212.1 (identical to JN787200.1) is ignored but added at the end
NOTE: JN787211.1 (identical to JN787200.1) is ignored but added at the end
NOTE: JN787207.1 (identical to JN787200.1) is ignored but added at the end
NOTE: JN787206.1 (identical to JN787200.1) is ignored but added at the end
NOTE: JN787197.1 (identical to JN787199.1) is ignored but added at the end
NOTE: JN787194.1 (identical to JN787199.1) is ignored but added at the end
NOTE: JN787188.1 (identical to JN787199.1) is ignored but added at the end
NOTE: JN787193.1 (identical to JN787199.1) is ignored but added at the end
NOTE: JN787192.1 (identical to JN787199.1) is ignored but added at the end
NOTE: JN787191.1 (identical to JN787199.1) is ignored but added at the end
NOTE: JN787190.1 (identical to JN787199.1) is ignored but added at the end
NOTE: JN787189.1 (identical to JN787199.1) is ignored but added at the end
NOTE: NR_118320.1 (identical to JN787199.1) is ignored but added at the end
NOTE: JN787202.1 (identical to JN787199.1) is ignored but added at the end
NOTE: JX993435.1 (identical to JN787199.1) is ignored but added at the end
NOTE: JN787201.1 (identical to JN787199.1) is ignored but added at the end
NOTE: JN787203.1 (identical to JN787199.1) is ignored but added at the end
NOTE: JN787204.1 (identical to JN787199.1) is ignored but added at the end
NOTE: JN787220.1 (identical to JN787199.1) is ignored but added at the end
NOTE: JN787214.1 (identical to JN787199.1) is ignored but added at the end
NOTE: JN787213.1 (identical to JN787199.1) is ignored but added at the end
NOTE: JN787209.1 (identical to JN787199.1) is ignored but added at the end
NOTE: JN787208.1 (identical to JN787199.1) is ignored but added at the end
NOTE: JX993438.1 (identical to JN787184.1) is ignored but added at the end
NOTE: JN787180.1 (identical to JN787184.1) is ignored but added at the end
NOTE: JN787171.1 (identical to JN787183.1) is ignored but added at the end
NOTE: JN787172.1 (identical to JN787183.1) is ignored but added at the end
NOTE: JN787173.1 (identical to JN787183.1) is ignored but added at the end
NOTE: JN787174.1 (identical to JN787183.1) is ignored but added at the end
NOTE: JN787175.1 (identical to JN787183.1) is ignored but added at the end
NOTE: JN787176.1 (identical to JN787183.1) is ignored but added at the end
NOTE: JN787177.1 (identical to JN787183.1) is ignored but added at the end
NOTE: JN787178.1 (identical to JN787183.1) is ignored but added at the end
NOTE: JN787179.1 (identical to JN787183.1) is ignored but added at the end
NOTE: KX661075.1 (identical to KX661046.1) is ignored but added at the end
NOTE: KX661068.1 (identical to KX661046.1) is ignored but added at the end
NOTE: KX661054.1 (identical to KX661046.1) is ignored but added at the end
NOTE: KX661048.1 (identical to KX661046.1) is ignored but added at the end
NOTE: KX661055.1 (identical to KX661046.1) is ignored but added at the end
NOTE: KX661061.1 (identical to KX661046.1) is ignored but added at the end
NOTE: KX661062.1 (identical to KX661046.1) is ignored but added at the end
NOTE: KX661056.1 (identical to KX661074.1) is ignored but added at the end
NOTE: KX661057.1 (identical to KX661074.1) is ignored but added at the end
NOTE: KX661063.1 (identical to KX661074.1) is ignored but added at the end
Alignment was printed to Aligned.Strepto.aln.uniqueseq.phy

For your convenience alignment with unique sequences printed to Aligned.Strepto.aln.uniqueseq.phy

Create initial parsimony tree by phylogenetic likelihood library (PLL)... 0.058 seconds
Generating 10000 samples for ultrafast bootstrap (seed: 980804)...

NOTE: 91 MB RAM (0 GB) is required!
Estimate model parameters (epsilon = 0.100)
1. Initial log-likelihood: -17963.628
2. Current log-likelihood: -16769.289
3. Current log-likelihood: -16640.009
4. Current log-likelihood: -16549.180
5. Current log-likelihood: -16515.200
6. Current log-likelihood: -16507.442
7. Current log-likelihood: -16505.881
8. Current log-likelihood: -16505.575
Optimal log-likelihood: -16505.516
Rate parameters:  A-C: 1.00000  A-G: 2.69233  A-T: 1.00000  C-G: 1.00000  C-T: 2.69233  G-T: 1.00000
Base frequencies:  A: 0.250  C: 0.250  G: 0.250  T: 0.250
Site proportion and rates:  (0.913,0.391) (0.087,7.388)
Parameters optimization took 8 rounds (0.961 sec)
Wrote distance file to... 
Computing ML distances based on estimated model parameters...
Calculating distance matrix: done in 0.0457385 secs using 804.9% CPU
Computing ML distances took 0.046666 sec (of wall-clock time) 0.369104 sec (of CPU time)
Setting up auxiliary I and S matrices: done in 0.00561384 secs using 289.5% CPU
Computing RapidNJ tree took 1.506264 sec (of wall-clock time) 1.564395 sec (of CPU time)
Log-likelihood of RapidNJ tree: -16685.896
--------------------------------------------------------------------
|             INITIALIZING CANDIDATE TREE SET                      |
--------------------------------------------------------------------
Generating 98 parsimony trees... 6.911 second
Computing log-likelihood of 98 initial trees ... 2.672 seconds
Current best score: -16505.516

Do NNI search on 20 best initial trees
Estimate model parameters (epsilon = 0.100)
BETTER TREE FOUND at iteration 1: -16483.220
Estimate model parameters (epsilon = 0.100)
BETTER TREE FOUND at iteration 2: -16459.910
Estimate model parameters (epsilon = 0.100)
BETTER TREE FOUND at iteration 4: -16447.636
Estimate model parameters (epsilon = 0.100)
BETTER TREE FOUND at iteration 5: -16438.197
Iteration 10 / LogL: -16496.718 / Time: 0h:1m:43s
Iteration 20 / LogL: -16480.933 / Time: 0h:3m:18s
Finish initializing candidate tree set (20)
Current best tree score: -16438.197 / CPU time: 194.724
Number of iterations: 20
--------------------------------------------------------------------
|               OPTIMIZING CANDIDATE TREE SET                      |
--------------------------------------------------------------------
Iteration 30 / LogL: -16449.918 / Time: 0h:4m:6s (0h:10m:36s left)
Estimate model parameters (epsilon = 0.100)
BETTER TREE FOUND at iteration 38: -16435.664
Iteration 40 / LogL: -16461.971 / Time: 0h:5m:0s (0h:12m:36s left)
Estimate model parameters (epsilon = 0.100)
BETTER TREE FOUND at iteration 50: -16432.978
Iteration 50 / LogL: -16432.978 / Time: 0h:5m:51s (0h:11m:56s left)
Log-likelihood cutoff on original alignment: -16582.011
Estimate model parameters (epsilon = 0.100)
BETTER TREE FOUND at iteration 55: -16430.907
Estimate model parameters (epsilon = 0.100)
BETTER TREE FOUND at iteration 60: -16429.006
Iteration 60 / LogL: -16429.006 / Time: 0h:6m:50s (0h:11m:35s left)
Iteration 70 / LogL: -16439.316 / Time: 0h:7m:40s (0h:9m:59s left)
Estimate model parameters (epsilon = 0.100)
BETTER TREE FOUND at iteration 73: -16428.613
Iteration 80 / LogL: -16435.635 / Time: 0h:8m:28s (0h:9m:58s left)
Iteration 90 / LogL: -16450.277 / Time: 0h:9m:12s (0h:8m:35s left)
Iteration 100 / LogL: -16432.688 / Time: 0h:10m:3s (0h:7m:25s left)
Log-likelihood cutoff on original alignment: -16582.011
NOTE: Bootstrap correlation coefficient of split occurrence frequencies: 0.941
NOTE: UFBoot does not converge, continue at least 100 more iterations
Iteration 110 / LogL: -16436.560 / Time: 0h:10m:55s (0h:9m:0s left)
Estimate model parameters (epsilon = 0.100)
BETTER TREE FOUND at iteration 117: -16427.219
Iteration 120 / LogL: -16449.357 / Time: 0h:11m:37s (0h:9m:28s left)
Estimate model parameters (epsilon = 0.100)
BETTER TREE FOUND at iteration 126: -16427.158
Iteration 130 / LogL: -16431.556 / Time: 0h:12m:13s (0h:9m:5s left)
Estimate model parameters (epsilon = 0.100)
BETTER TREE FOUND at iteration 133: -16426.492
Iteration 140 / LogL: -16441.856 / Time: 0h:12m:59s (0h:8m:41s left)
Iteration 150 / LogL: -16427.176 / Time: 0h:13m:43s (0h:7m:38s left)
Log-likelihood cutoff on original alignment: -16520.708
Iteration 160 / LogL: -16441.453 / Time: 0h:14m:39s (0h:6m:43s left)
Iteration 170 / LogL: -16489.236 / Time: 0h:15m:23s (0h:5m:44s left)
Estimate model parameters (epsilon = 0.100)
BETTER TREE FOUND at iteration 176: -16426.063
Iteration 180 / LogL: -16427.434 / Time: 0h:16m:10s (0h:8m:40s left)
Iteration 190 / LogL: -16427.122 / Time: 0h:16m:54s (0h:7m:41s left)
Iteration 200 / LogL: -16426.073 / Time: 0h:17m:39s (0h:6m:44s left)
Log-likelihood cutoff on original alignment: -16520.708
NOTE: Bootstrap correlation coefficient of split occurrence frequencies: 0.974
NOTE: UFBoot does not converge, continue at least 100 more iterations
Iteration 210 / LogL: -16434.392 / Time: 0h:18m:35s (0h:8m:0s left)
Iteration 220 / LogL: -16441.447 / Time: 0h:19m:22s (0h:7m:4s left)
Iteration 230 / LogL: -16547.682 / Time: 0h:20m:1s (0h:6m:7s left)
BETTER TREE FOUND at iteration 234: -16426.063
Estimate model parameters (epsilon = 0.100)
BETTER TREE FOUND at iteration 240: -16425.809
Iteration 240 / LogL: -16425.809 / Time: 0h:20m:44s (0h:8m:40s left)
Iteration 250 / LogL: -16435.006 / Time: 0h:21m:32s (0h:7m:47s left)
Log-likelihood cutoff on original alignment: -16520.708
Iteration 260 / LogL: -16426.212 / Time: 0h:22m:21s (0h:6m:54s left)
Iteration 270 / LogL: -16426.153 / Time: 0h:23m:1s (0h:5m:59s left)
Iteration 280 / LogL: -16446.201 / Time: 0h:23m:41s (0h:5m:5s left)
Iteration 290 / LogL: -16427.265 / Time: 0h:24m:20s (0h:4m:12s left)
Iteration 300 / LogL: -16425.866 / Time: 0h:24m:59s (0h:3m:20s left)
Log-likelihood cutoff on original alignment: -16520.708
NOTE: Bootstrap correlation coefficient of split occurrence frequencies: 0.987
NOTE: UFBoot does not converge, continue at least 100 more iterations
Estimate model parameters (epsilon = 0.100)
BETTER TREE FOUND at iteration 303: -16425.694
BETTER TREE FOUND at iteration 305: -16425.691
Iteration 310 / LogL: -16459.765 / Time: 0h:26m:0s (0h:7m:59s left)
Iteration 320 / LogL: -16444.030 / Time: 0h:26m:46s (0h:7m:8s left)
Iteration 330 / LogL: -16446.727 / Time: 0h:27m:31s (0h:6m:16s left)
Iteration 340 / LogL: -16558.559 / Time: 0h:28m:10s (0h:5m:24s left)
Iteration 350 / LogL: -16425.720 / Time: 0h:28m:57s (0h:4m:33s left)
Log-likelihood cutoff on original alignment: -16520.708
Iteration 360 / LogL: -16432.991 / Time: 0h:29m:48s (0h:3m:44s left)
BETTER TREE FOUND at iteration 369: -16425.688
Estimate model parameters (epsilon = 0.100)
BETTER TREE FOUND at iteration 370: -16425.661
Iteration 370 / LogL: -16425.661 / Time: 0h:30m:32s (0h:8m:16s left)
Iteration 380 / LogL: -16450.122 / Time: 0h:31m:8s (0h:7m:23s left)
Iteration 390 / LogL: -16429.603 / Time: 0h:31m:49s (0h:6m:32s left)
Estimate model parameters (epsilon = 0.100)
BETTER TREE FOUND at iteration 391: -16425.489
Estimate model parameters (epsilon = 0.100)
BETTER TREE FOUND at iteration 392: -16425.435
Estimate model parameters (epsilon = 0.100)
BETTER TREE FOUND at iteration 397: -16422.009
Iteration 400 / LogL: -16427.600 / Time: 0h:32m:41s (0h:7m:56s left)
Log-likelihood cutoff on original alignment: -16520.708
NOTE: Bootstrap correlation coefficient of split occurrence frequencies: 0.981
NOTE: UFBoot does not converge, continue at least 100 more iterations
Iteration 410 / LogL: -16470.470 / Time: 0h:33m:40s (0h:7m:24s left)
Iteration 420 / LogL: -16443.788 / Time: 0h:34m:27s (0h:6m:34s left)
Iteration 430 / LogL: -16448.818 / Time: 0h:35m:16s (0h:5m:45s left)
Iteration 440 / LogL: -16565.346 / Time: 0h:35m:59s (0h:4m:55s left)
Iteration 450 / LogL: -16436.075 / Time: 0h:36m:54s (0h:4m:6s left)
Log-likelihood cutoff on original alignment: -16518.100
Iteration 460 / LogL: -16423.286 / Time: 0h:37m:51s (0h:3m:17s left)
Iteration 470 / LogL: -16435.921 / Time: 0h:38m:44s (0h:2m:28s left)
Iteration 480 / LogL: -16432.814 / Time: 0h:39m:32s (0h:1m:39s left)
Iteration 490 / LogL: -16422.034 / Time: 0h:40m:32s (0h:0m:49s left)
Estimate model parameters (epsilon = 0.100)
BETTER TREE FOUND at iteration 497: -16421.993
Iteration 500 / LogL: -16426.433 / Time: 0h:41m:24s (0h:8m:2s left)
Log-likelihood cutoff on original alignment: -16518.100
NOTE: Bootstrap correlation coefficient of split occurrence frequencies: 0.955
NOTE: UFBoot does not converge, continue at least 100 more iterations
Iteration 510 / LogL: -16442.045 / Time: 0h:42m:17s (0h:7m:28s left)
Iteration 520 / LogL: -16426.848 / Time: 0h:43m:8s (0h:6m:39s left)
Iteration 530 / LogL: -16422.780 / Time: 0h:44m:8s (0h:5m:50s left)
Iteration 540 / LogL: -16422.013 / Time: 0h:45m:3s (0h:5m:0s left)
BETTER TREE FOUND at iteration 543: -16421.987
BETTER TREE FOUND at iteration 547: -16421.978
Iteration 550 / LogL: -16424.741 / Time: 0h:46m:5s (0h:8m:8s left)
Log-likelihood cutoff on original alignment: -16518.100
Iteration 560 / LogL: -16427.217 / Time: 0h:46m:54s (0h:7m:18s left)
Iteration 570 / LogL: -16705.335 / Time: 0h:47m:51s (0h:6m:28s left)
Iteration 580 / LogL: -16423.930 / Time: 0h:48m:42s (0h:5m:38s left)
Iteration 590 / LogL: -16448.333 / Time: 0h:49m:44s (0h:4m:48s left)
Iteration 600 / LogL: -16448.592 / Time: 0h:50m:35s (0h:3m:58s left)
Log-likelihood cutoff on original alignment: -16518.100
NOTE: Bootstrap correlation coefficient of split occurrence frequencies: 0.956
NOTE: UFBoot does not converge, continue at least 100 more iterations
Iteration 610 / LogL: -16428.318 / Time: 0h:51m:39s (0h:7m:38s left)
Estimate model parameters (epsilon = 0.100)
BETTER TREE FOUND at iteration 611: -16421.950
Estimate model parameters (epsilon = 0.100)
BETTER TREE FOUND at iteration 614: -16421.798
Estimate model parameters (epsilon = 0.100)
BETTER TREE FOUND at iteration 615: -16421.759
Iteration 620 / LogL: -16501.240 / Time: 0h:52m:33s (0h:8m:3s left)
Iteration 630 / LogL: -16430.245 / Time: 0h:53m:23s (0h:7m:12s left)
Estimate model parameters (epsilon = 0.100)
BETTER TREE FOUND at iteration 636: -16421.733
Iteration 640 / LogL: -16502.696 / Time: 0h:54m:15s (0h:8m:9s left)
BETTER TREE FOUND at iteration 641: -16421.732
Iteration 650 / LogL: -16466.497 / Time: 0h:55m:7s (0h:7m:43s left)
Log-likelihood cutoff on original alignment: -16518.100
Iteration 660 / LogL: -16423.543 / Time: 0h:56m:9s (0h:6m:54s left)
BETTER TREE FOUND at iteration 661: -16421.732
Iteration 670 / LogL: -16434.060 / Time: 0h:57m:1s (0h:7m:45s left)
Iteration 680 / LogL: -16429.813 / Time: 0h:57m:54s (0h:6m:54s left)
Iteration 690 / LogL: -16430.517 / Time: 0h:58m:50s (0h:6m:3s left)
Estimate model parameters (epsilon = 0.100)
BETTER TREE FOUND at iteration 698: -16421.705
Iteration 700 / LogL: -16435.421 / Time: 0h:59m:44s (0h:8m:22s left)
Log-likelihood cutoff on original alignment: -16518.100
NOTE: Bootstrap correlation coefficient of split occurrence frequencies: 0.959
NOTE: UFBoot does not converge, continue at least 100 more iterations
Iteration 710 / LogL: -16453.289 / Time: 1h:0m:51s (0h:7m:43s left)
Iteration 720 / LogL: -16423.720 / Time: 1h:1m:41s (0h:6m:51s left)
Iteration 730 / LogL: -16440.407 / Time: 1h:2m:29s (0h:6m:0s left)
Iteration 740 / LogL: -16461.746 / Time: 1h:3m:23s (0h:5m:8s left)
Iteration 750 / LogL: -16440.541 / Time: 1h:4m:22s (0h:4m:17s left)
Log-likelihood cutoff on original alignment: -16518.100
Iteration 760 / LogL: -16427.415 / Time: 1h:5m:25s (0h:3m:26s left)
Iteration 770 / LogL: -16421.803 / Time: 1h:6m:26s (0h:2m:35s left)
Iteration 780 / LogL: -16426.448 / Time: 1h:7m:24s (0h:1m:43s left)
Iteration 790 / LogL: -16545.791 / Time: 1h:8m:11s (0h:0m:51s left)
Iteration 800 / LogL: -16428.334 / Time: 1h:9m:11s (0h:0m:0s left)
Log-likelihood cutoff on original alignment: -16518.100
NOTE: Bootstrap correlation coefficient of split occurrence frequencies: 0.953
NOTE: UFBoot does not converge, continue at least 100 more iterations
Iteration 810 / LogL: -16564.995 / Time: 1h:10m:18s (0h:7m:49s left)
Iteration 820 / LogL: -16544.073 / Time: 1h:11m:17s (0h:6m:57s left)
Iteration 830 / LogL: -16436.190 / Time: 1h:12m:11s (0h:6m:5s left)
Iteration 840 / LogL: -16434.855 / Time: 1h:13m:16s (0h:5m:14s left)
Iteration 850 / LogL: -16429.675 / Time: 1h:14m:9s (0h:4m:22s left)
Log-likelihood cutoff on original alignment: -16518.100
Iteration 860 / LogL: -16425.183 / Time: 1h:15m:18s (0h:3m:30s left)
Iteration 870 / LogL: -16426.537 / Time: 1h:16m:19s (0h:2m:38s left)
Iteration 880 / LogL: -16551.255 / Time: 1h:17m:22s (0h:1m:45s left)
Iteration 890 / LogL: -16611.718 / Time: 1h:18m:15s (0h:0m:52s left)
Iteration 900 / LogL: -16437.831 / Time: 1h:19m:15s (0h:0m:0s left)
Log-likelihood cutoff on original alignment: -16518.100
NOTE: Bootstrap correlation coefficient of split occurrence frequencies: 0.975
NOTE: UFBoot does not converge, continue at least 100 more iterations
Iteration 910 / LogL: -16424.436 / Time: 1h:20m:18s (0h:7m:57s left)
Iteration 920 / LogL: -16528.661 / Time: 1h:21m:18s (0h:7m:4s left)
Iteration 930 / LogL: -16422.885 / Time: 1h:22m:27s (0h:6m:12s left)
Iteration 940 / LogL: -16437.102 / Time: 1h:23m:31s (0h:5m:20s left)
Iteration 950 / LogL: -16441.156 / Time: 1h:24m:35s (0h:4m:27s left)
Log-likelihood cutoff on original alignment: -16518.100
Iteration 960 / LogL: -16425.617 / Time: 1h:25m:51s (0h:3m:34s left)
Iteration 970 / LogL: -16423.394 / Time: 1h:26m:55s (0h:2m:41s left)
Iteration 980 / LogL: -16439.035 / Time: 1h:27m:46s (0h:1m:47s left)
Iteration 990 / LogL: -16429.414 / Time: 1h:28m:52s (0h:0m:53s left)
Iteration 1000 / LogL: -16421.755 / Time: 1h:30m:2s (0h:0m:0s left)
Log-likelihood cutoff on original alignment: -16518.100
NOTE: Bootstrap correlation coefficient of split occurrence frequencies: 0.973
NOTE: UFBoot does not converge, continue at least 100 more iterations
WARNING: bootstrap analysis did not converge. You should rerun with higher number of iterations (-nm option)
TREE SEARCH COMPLETED AFTER 1001 ITERATIONS / Time: 1h:30m:22s

--------------------------------------------------------------------
|                    FINALIZING TREE SEARCH                        |
--------------------------------------------------------------------
Performs final model parameters optimization
Estimate model parameters (epsilon = 0.010)
1. Initial log-likelihood: -16421.705
Optimal log-likelihood: -16421.705
Rate parameters:  A-C: 1.00000  A-G: 2.69403  A-T: 1.00000  C-G: 1.00000  C-T: 2.69403  G-T: 1.00000
Base frequencies:  A: 0.250  C: 0.250  G: 0.250  T: 0.250
Site proportion and rates:  (0.914,0.392) (0.086,7.493)
Parameters optimization took 1 rounds (0.073 sec)
BEST SCORE FOUND : -16421.705
Creating bootstrap support values...
Split supports printed to NEXUS file Aligned.Strepto.aln.splits.nex
Total tree length: 8.607

Total number of iterations: 1001
CPU time used for tree search: 34087.796 sec (9h:28m:7s)
Wall-clock time used for tree search: 5418.310 sec (1h:30m:18s)
Total CPU time used: 34119.373 sec (9h:28m:39s)
Total wall-clock time used: 5433.751 sec (1h:30m:33s)

Computing bootstrap consensus tree...
Reading input file Aligned.Strepto.aln.splits.nex...
294 taxa and 22445 splits.
Consensus tree written to Aligned.Strepto.aln.contree
Reading input trees file Aligned.Strepto.aln.contree
Log-likelihood of consensus tree: -16421.950

Analysis results written to: 
  IQ-TREE report:                Aligned.Strepto.aln.iqtree
  Maximum-likelihood tree:       Aligned.Strepto.aln.treefile
  Likelihood distances:          Aligned.Strepto.aln.mldist

Ultrafast bootstrap approximation results written to:
  Split support values:          Aligned.Strepto.aln.splits.nex
  Consensus tree:                Aligned.Strepto.aln.contree
  Screen log file:               Aligned.Strepto.aln.log

Date and Time: Wed Oct 29 14:43:37 2025
